// Jest Snapshot v1, https://goo.gl/fbAQLP

exports[`Snapshot of home page Should give smilar Homepage shot 1`] = `[Function]`;
