// Jest Snapshot v1, https://goo.gl/fbAQLP

exports[`Should Match Quote Page Identical to Quote Page 1`] = `[Function]`;
